// Jest Snapshot v1, https://goo.gl/fbAQLP

exports[`loadMCEditAlpha should load a MCEdit Alpha schematic 1`] = `
Schematic {
  "blockTypes": [
    {
      "properties": {},
      "type": "stone",
    },
    {
      "properties": {
        "delay": "1",
        "facing": "west",
        "locked": "false",
        "powered": "false",
      },
      "type": "repeater",
    },
    {
      "properties": {},
      "type": "air",
    },
    {
      "properties": {},
      "type": "stone_bricks",
    },
    {
      "properties": {
        "extended": "false",
        "facing": "east",
      },
      "type": "piston",
    },
    {
      "properties": {},
      "type": "glass",
    },
    {
      "properties": {
        "rotation": "11",
      },
      "type": "sign",
    },
    {
      "properties": {
        "delay": "4",
        "facing": "north",
        "locked": "false",
        "powered": "false",
      },
      "type": "repeater",
    },
    {
      "properties": {
        "east": "none",
        "north": "none",
        "power": "0",
        "south": "none",
        "west": "none",
      },
      "type": "redstone_wire",
    },
    {
      "properties": {
        "has_record": "false",
      },
      "type": "jukebox",
    },
    {
      "properties": {
        "extended": "false",
        "facing": "east",
      },
      "type": "sticky_piston",
    },
    {
      "properties": {
        "delay": "4",
        "facing": "south",
        "locked": "false",
        "powered": "false",
      },
      "type": "repeater",
    },
    {
      "properties": {
        "rotation": "15",
      },
      "type": "sign",
    },
    {
      "properties": {
        "delay": "1",
        "facing": "north",
        "locked": "false",
        "powered": "false",
      },
      "type": "repeater",
    },
    {
      "properties": {
        "extended": "false",
        "facing": "west",
      },
      "type": "sticky_piston",
    },
    {
      "properties": {
        "facing": "south",
        "type": "single",
      },
      "type": "chest",
    },
    {
      "properties": {
        "rotation": "0",
      },
      "type": "sign",
    },
    {
      "properties": {
        "enabled": "false",
        "facing": "south",
      },
      "type": "hopper",
    },
    {
      "properties": {
        "facing": "west",
        "triggered": "true",
      },
      "type": "dropper",
    },
    {
      "properties": {
        "delay": "1",
        "facing": "south",
        "locked": "false",
        "powered": "false",
      },
      "type": "repeater",
    },
    {
      "properties": {
        "extended": "false",
        "facing": "south",
      },
      "type": "piston",
    },
    {
      "properties": {
        "facing": "north",
      },
      "type": "wall_torch",
    },
    {
      "properties": {
        "rotation": "8",
      },
      "type": "sign",
    },
  ],
  "blocks": [
    [
      [
        {
          "properties": {},
          "type": "stone",
        },
        {
          "properties": {},
          "type": "stone",
        },
        {
          "properties": {},
          "type": "stone",
        },
        {
          "properties": {},
          "type": "stone",
        },
        {
          "properties": {},
          "type": "stone",
        },
        {
          "properties": {},
          "type": "stone",
        },
        {
          "properties": {},
          "type": "stone",
        },
      ],
      [
        {
          "properties": {
            "delay": "1",
            "facing": "west",
            "locked": "false",
            "powered": "false",
          },
          "type": "repeater",
        },
        {
          "properties": {},
          "type": "air",
        },
        {
          "properties": {},
          "type": "stone_bricks",
        },
        {
          "properties": {},
          "type": "air",
        },
        {
          "properties": {},
          "type": "air",
        },
        {
          "properties": {},
          "type": "air",
        },
        {
          "properties": {},
          "type": "air",
        },
      ],
      [
        {
          "properties": {},
          "type": "air",
        },
        {
          "properties": {},
          "type": "air",
        },
        {
          "properties": {
            "extended": "false",
            "facing": "east",
          },
          "type": "piston",
        },
        {
          "properties": {},
          "type": "glass",
        },
        {
          "properties": {},
          "type": "glass",
        },
        {
          "properties": {},
          "type": "air",
        },
        {
          "properties": {},
          "type": "air",
        },
      ],
      [
        {
          "properties": {},
          "type": "air",
        },
        {
          "properties": {},
          "type": "air",
        },
        {
          "properties": {
            "rotation": "11",
          },
          "type": "sign",
        },
        {
          "properties": {},
          "type": "air",
        },
        {
          "properties": {},
          "type": "air",
        },
        {
          "properties": {},
          "type": "air",
        },
        {
          "properties": {},
          "type": "air",
        },
      ],
      [
        {
          "properties": {},
          "type": "air",
        },
        {
          "properties": {},
          "type": "air",
        },
        {
          "properties": {},
          "type": "air",
        },
        {
          "properties": {},
          "type": "air",
        },
        {
          "properties": {},
          "type": "air",
        },
        {
          "properties": {},
          "type": "air",
        },
        {
          "properties": {},
          "type": "air",
        },
      ],
    ],
    [
      [
        {
          "properties": {},
          "type": "stone",
        },
        {
          "properties": {},
          "type": "stone_bricks",
        },
        {
          "properties": {},
          "type": "stone_bricks",
        },
        {
          "properties": {},
          "type": "stone_bricks",
        },
        {
          "properties": {},
          "type": "stone",
        },
        {
          "properties": {},
          "type": "stone",
        },
        {
          "properties": {},
          "type": "stone",
        },
      ],
      [
        {
          "properties": {},
          "type": "stone_bricks",
        },
        {
          "properties": {
            "delay": "4",
            "facing": "north",
            "locked": "false",
            "powered": "false",
          },
          "type": "repeater",
        },
        {
          "properties": {
            "east": "none",
            "north": "none",
            "power": "0",
            "south": "none",
            "west": "none",
          },
          "type": "redstone_wire",
        },
        {
          "properties": {
            "east": "none",
            "north": "none",
            "power": "0",
            "south": "none",
            "west": "none",
          },
          "type": "redstone_wire",
        },
        {
          "properties": {},
          "type": "stone_bricks",
        },
        {
          "properties": {},
          "type": "stone_bricks",
        },
        {
          "properties": {},
          "type": "stone_bricks",
        },
      ],
      [
        {
          "properties": {
            "east": "none",
            "north": "none",
            "power": "0",
            "south": "none",
            "west": "none",
          },
          "type": "redstone_wire",
        },
        {
          "properties": {},
          "type": "air",
        },
        {
          "properties": {
            "has_record": "false",
          },
          "type": "jukebox",
        },
        {
          "properties": {},
          "type": "air",
        },
        {
          "properties": {
            "extended": "false",
            "facing": "east",
          },
          "type": "sticky_piston",
        },
        {
          "properties": {
            "delay": "4",
            "facing": "south",
            "locked": "false",
            "powered": "false",
          },
          "type": "repeater",
        },
        {
          "properties": {
            "east": "none",
            "north": "none",
            "power": "0",
            "south": "none",
            "west": "none",
          },
          "type": "redstone_wire",
        },
      ],
      [
        {
          "properties": {},
          "type": "air",
        },
        {
          "properties": {},
          "type": "air",
        },
        {
          "properties": {},
          "type": "air",
        },
        {
          "properties": {},
          "type": "air",
        },
        {
          "properties": {
            "rotation": "15",
          },
          "type": "sign",
        },
        {
          "properties": {},
          "type": "air",
        },
        {
          "properties": {},
          "type": "air",
        },
      ],
      [
        {
          "properties": {},
          "type": "air",
        },
        {
          "properties": {},
          "type": "air",
        },
        {
          "properties": {},
          "type": "air",
        },
        {
          "properties": {},
          "type": "air",
        },
        {
          "properties": {},
          "type": "air",
        },
        {
          "properties": {},
          "type": "air",
        },
        {
          "properties": {},
          "type": "air",
        },
      ],
    ],
    [
      [
        {
          "properties": {},
          "type": "stone",
        },
        {
          "properties": {},
          "type": "stone",
        },
        {
          "properties": {},
          "type": "stone",
        },
        {
          "properties": {},
          "type": "stone_bricks",
        },
        {
          "properties": {},
          "type": "stone_bricks",
        },
        {
          "properties": {},
          "type": "stone_bricks",
        },
        {
          "properties": {},
          "type": "stone",
        },
      ],
      [
        {
          "properties": {},
          "type": "stone_bricks",
        },
        {
          "properties": {},
          "type": "stone_bricks",
        },
        {
          "properties": {},
          "type": "stone_bricks",
        },
        {
          "properties": {
            "east": "none",
            "north": "none",
            "power": "0",
            "south": "none",
            "west": "none",
          },
          "type": "redstone_wire",
        },
        {
          "properties": {
            "east": "none",
            "north": "none",
            "power": "0",
            "south": "none",
            "west": "none",
          },
          "type": "redstone_wire",
        },
        {
          "properties": {
            "east": "none",
            "north": "none",
            "power": "0",
            "south": "none",
            "west": "none",
          },
          "type": "redstone_wire",
        },
        {
          "properties": {},
          "type": "stone_bricks",
        },
      ],
      [
        {
          "properties": {
            "east": "none",
            "north": "none",
            "power": "0",
            "south": "none",
            "west": "none",
          },
          "type": "redstone_wire",
        },
        {
          "properties": {
            "delay": "1",
            "facing": "north",
            "locked": "false",
            "powered": "false",
          },
          "type": "repeater",
        },
        {
          "properties": {
            "extended": "false",
            "facing": "west",
          },
          "type": "sticky_piston",
        },
        {
          "properties": {},
          "type": "air",
        },
        {
          "properties": {
            "facing": "south",
            "type": "single",
          },
          "type": "chest",
        },
        {
          "properties": {},
          "type": "air",
        },
        {
          "properties": {
            "east": "none",
            "north": "none",
            "power": "0",
            "south": "none",
            "west": "none",
          },
          "type": "redstone_wire",
        },
      ],
      [
        {
          "properties": {},
          "type": "air",
        },
        {
          "properties": {},
          "type": "air",
        },
        {
          "properties": {
            "rotation": "0",
          },
          "type": "sign",
        },
        {
          "properties": {},
          "type": "air",
        },
        {
          "properties": {},
          "type": "air",
        },
        {
          "properties": {},
          "type": "air",
        },
        {
          "properties": {},
          "type": "air",
        },
      ],
      [
        {
          "properties": {},
          "type": "air",
        },
        {
          "properties": {},
          "type": "air",
        },
        {
          "properties": {},
          "type": "air",
        },
        {
          "properties": {},
          "type": "air",
        },
        {
          "properties": {},
          "type": "air",
        },
        {
          "properties": {},
          "type": "air",
        },
        {
          "properties": {},
          "type": "air",
        },
      ],
    ],
    [
      [
        {
          "properties": {},
          "type": "stone",
        },
        {
          "properties": {},
          "type": "stone",
        },
        {
          "properties": {},
          "type": "stone",
        },
        {
          "properties": {},
          "type": "stone",
        },
        {
          "properties": {},
          "type": "stone",
        },
        {
          "properties": {},
          "type": "stone",
        },
        {
          "properties": {},
          "type": "stone",
        },
      ],
      [
        {
          "properties": {},
          "type": "stone_bricks",
        },
        {
          "properties": {},
          "type": "air",
        },
        {
          "properties": {},
          "type": "air",
        },
        {
          "properties": {},
          "type": "air",
        },
        {
          "properties": {},
          "type": "stone_bricks",
        },
        {
          "properties": {},
          "type": "stone_bricks",
        },
        {
          "properties": {},
          "type": "stone_bricks",
        },
      ],
      [
        {
          "properties": {
            "east": "none",
            "north": "none",
            "power": "0",
            "south": "none",
            "west": "none",
          },
          "type": "redstone_wire",
        },
        {
          "properties": {},
          "type": "air",
        },
        {
          "properties": {},
          "type": "glass",
        },
        {
          "properties": {
            "enabled": "false",
            "facing": "south",
          },
          "type": "hopper",
        },
        {
          "properties": {
            "facing": "west",
            "triggered": "true",
          },
          "type": "dropper",
        },
        {
          "properties": {
            "delay": "1",
            "facing": "south",
            "locked": "false",
            "powered": "false",
          },
          "type": "repeater",
        },
        {
          "properties": {
            "east": "none",
            "north": "none",
            "power": "0",
            "south": "none",
            "west": "none",
          },
          "type": "redstone_wire",
        },
      ],
      [
        {
          "properties": {},
          "type": "air",
        },
        {
          "properties": {},
          "type": "air",
        },
        {
          "properties": {
            "extended": "false",
            "facing": "south",
          },
          "type": "piston",
        },
        {
          "properties": {
            "facing": "south",
            "type": "single",
          },
          "type": "chest",
        },
        {
          "properties": {},
          "type": "air",
        },
        {
          "properties": {},
          "type": "air",
        },
        {
          "properties": {
            "facing": "north",
          },
          "type": "wall_torch",
        },
      ],
      [
        {
          "properties": {},
          "type": "air",
        },
        {
          "properties": {},
          "type": "air",
        },
        {
          "properties": {
            "rotation": "8",
          },
          "type": "sign",
        },
        {
          "properties": {},
          "type": "air",
        },
        {
          "properties": {},
          "type": "air",
        },
        {
          "properties": {},
          "type": "air",
        },
        {
          "properties": {},
          "type": "air",
        },
      ],
    ],
  ],
  "dataVersion": undefined,
  "format": {
    "type": "mcedit",
    "version": 1,
  },
  "height": 5,
  "length": 7,
  "metadata": {},
  "width": 4,
}
`;
