// Jest Snapshot v1, https://goo.gl/fbAQLP

exports[`tagToRecord should convert arrays 1`] = `
Object {
  "byte": Array [
    1,
    2,
  ],
  "short": Array [
    1,
    2,
    3,
  ],
  "string": Array [
    "string",
    "string2",
  ],
}
`;

exports[`tagToRecord should convert objects 1`] = `
Object {
  "byte": Object {
    "a": 1,
    "b": 2,
  },
  "string": Object {
    "a": "string",
    "b": "string2",
  },
}
`;

exports[`tagToRecord should convert primitives 1`] = `
Object {
  "byte": 1,
  "short": 2,
  "string": "string",
}
`;
