// Vitest Snapshot v1, https://vitest.dev/guide/snapshot.html

exports[`tagToRecord > should convert arrays 1`] = `
{
  "byte": [
    1,
    2,
  ],
  "short": [
    1,
    2,
    3,
  ],
  "string": [
    "string",
    "string2",
  ],
}
`;

exports[`tagToRecord > should convert objects 1`] = `
{
  "byte": {
    "a": 1,
    "b": 2,
  },
  "string": {
    "a": "string",
    "b": "string2",
  },
}
`;

exports[`tagToRecord > should convert primitives 1`] = `
{
  "byte": 1,
  "short": 2,
  "string": "string",
}
`;
